/home/mickaella/Projet/2026/s4/nouveau/INF209_Web_Dynamique/SpringMVC/src/main/java/com/fourrage/repository/DemandeStatusRepository.java
/home/mickaella/Projet/2026/s4/nouveau/INF209_Web_Dynamique/SpringMVC/src/main/java/com/fourrage/model/TypeDevis.java
/home/mickaella/Projet/2026/s4/nouveau/INF209_Web_Dynamique/SpringMVC/src/main/java/com/fourrage/model/District.java
/home/mickaella/Projet/2026/s4/nouveau/INF209_Web_Dynamique/SpringMVC/src/main/java/com/fourrage/model/Region.java
/home/mickaella/Projet/2026/s4/nouveau/INF209_Web_Dynamique/SpringMVC/src/main/java/com/fourrage/DTO/DemandeStatusDTO.java
/home/mickaella/Projet/2026/s4/nouveau/INF209_Web_Dynamique/SpringMVC/src/main/java/com/fourrage/repository/RegionRepository.java
/home/mickaella/Projet/2026/s4/nouveau/INF209_Web_Dynamique/SpringMVC/src/main/java/com/fourrage/model/Devis.java
/home/mickaella/Projet/2026/s4/nouveau/INF209_Web_Dynamique/SpringMVC/src/main/java/com/fourrage/service/DemandeService.java
/home/mickaella/Projet/2026/s4/nouveau/INF209_Web_Dynamique/SpringMVC/src/main/java/com/fourrage/repository/DevisRepository.java
/home/mickaella/Projet/2026/s4/nouveau/INF209_Web_Dynamique/SpringMVC/src/main/java/com/fourrage/model/DevisDetail.java
/home/mickaella/Projet/2026/s4/nouveau/INF209_Web_Dynamique/SpringMVC/src/main/java/com/fourrage/DTO/DevisDTO.java
/home/mickaella/Projet/2026/s4/nouveau/INF209_Web_Dynamique/SpringMVC/src/main/java/com/fourrage/model/Demande.java
/home/mickaella/Projet/2026/s4/nouveau/INF209_Web_Dynamique/SpringMVC/src/main/java/com/fourrage/model/Client.java
/home/mickaella/Projet/2026/s4/nouveau/INF209_Web_Dynamique/SpringMVC/src/main/java/com/fourrage/repository/StatusRepository.java
/home/mickaella/Projet/2026/s4/nouveau/INF209_Web_Dynamique/SpringMVC/src/main/java/com/fourrage/repository/DemandeRepository.java
/home/mickaella/Projet/2026/s4/nouveau/INF209_Web_Dynamique/SpringMVC/src/main/java/com/fourrage/service/DemandeStatusService.java
/home/mickaella/Projet/2026/s4/nouveau/INF209_Web_Dynamique/SpringMVC/src/main/java/com/fourrage/model/Commune.java
/home/mickaella/Projet/2026/s4/nouveau/INF209_Web_Dynamique/SpringMVC/src/main/java/com/fourrage/model/DemandeStatus.java
/home/mickaella/Projet/2026/s4/nouveau/INF209_Web_Dynamique/SpringMVC/src/main/java/com/fourrage/repository/TypeDevisRepository.java
/home/mickaella/Projet/2026/s4/nouveau/INF209_Web_Dynamique/SpringMVC/src/main/java/com/fourrage/repository/CommuneRepository.java
/home/mickaella/Projet/2026/s4/nouveau/INF209_Web_Dynamique/SpringMVC/src/main/java/com/fourrage/repository/DevisDetailRepository.java
/home/mickaella/Projet/2026/s4/nouveau/INF209_Web_Dynamique/SpringMVC/src/main/java/com/fourrage/repository/ClientRepository.java
/home/mickaella/Projet/2026/s4/nouveau/INF209_Web_Dynamique/SpringMVC/src/main/java/com/fourrage/repository/ParametreStatus.java
/home/mickaella/Projet/2026/s4/nouveau/INF209_Web_Dynamique/SpringMVC/src/main/java/com/fourrage/repository/DistrictRepository.java
/home/mickaella/Projet/2026/s4/nouveau/INF209_Web_Dynamique/SpringMVC/src/main/java/com/fourrage/controller/HomeController.java
/home/mickaella/Projet/2026/s4/nouveau/INF209_Web_Dynamique/SpringMVC/src/main/java/com/fourrage/controller/DevisController.java
/home/mickaella/Projet/2026/s4/nouveau/INF209_Web_Dynamique/SpringMVC/src/main/java/com/fourrage/controller/DemandeStatusControler.java
/home/mickaella/Projet/2026/s4/nouveau/INF209_Web_Dynamique/SpringMVC/src/main/java/com/fourrage/service/DevisService.java
/home/mickaella/Projet/2026/s4/nouveau/INF209_Web_Dynamique/SpringMVC/src/main/java/com/fourrage/DTO/ResultatStatutDTO.java
/home/mickaella/Projet/2026/s4/nouveau/INF209_Web_Dynamique/SpringMVC/src/main/java/com/fourrage/model/Parametre.java
/home/mickaella/Projet/2026/s4/nouveau/INF209_Web_Dynamique/SpringMVC/src/main/java/com/fourrage/controller/DemandeController.java
/home/mickaella/Projet/2026/s4/nouveau/INF209_Web_Dynamique/SpringMVC/src/main/java/com/fourrage/DTO/AlerteRetard.java
/home/mickaella/Projet/2026/s4/nouveau/INF209_Web_Dynamique/SpringMVC/src/main/java/com/fourrage/model/Status.java
